warning: The `tool.uv.dev-dependencies` field (used in `pyproject.toml`) is deprecated and will be removed in a future release; use `dependency-groups.dev` instead

PLAY [Pre-upgrade validation and optional etcd snapshot] ***********************

TASK [Gathering Facts] *********************************************************
Wednesday 30 September 2026  04:18:47 +0000 (0:00:00.006)       0:00:00.006 ***
ok: [shanghai-1]

TASK [Take etcd snapshot] ******************************************************
Wednesday 30 September 2026  04:18:51 +0000 (0:00:04.104)       0:00:04.110 ***
included: kubernetes_upgrade for shanghai-1

TASK [kubernetes_upgrade : Create etcd snapshot directory on control plane host] ***
Wednesday 30 September 2026  04:18:51 +0000 (0:00:00.027)       0:00:04.137 ***
ok: [shanghai-1]

TASK [kubernetes_upgrade : Set etcd snapshot paths] ****************************
Wednesday 30 September 2026  04:18:53 +0000 (0:00:01.755)       0:00:05.892 ***
ok: [shanghai-1]

TASK [kubernetes_upgrade : Wait for etcd snapshot store pod] *******************
Wednesday 30 September 2026  04:18:53 +0000 (0:00:00.033)       0:00:05.925 ***
ok: [shanghai-1]

TASK [kubernetes_upgrade : Get ready etcd snapshot store pod] ******************
Wednesday 30 September 2026  04:18:55 +0000 (0:00:02.355)       0:00:08.281 ***
ok: [shanghai-1]

TASK [kubernetes_upgrade : Set etcd snapshot store pod name] *******************
Wednesday 30 September 2026  04:18:58 +0000 (0:00:02.173)       0:00:10.455 ***
ok: [shanghai-1]

TASK [kubernetes_upgrade : Find existing etcd snapshot in Longhorn PVC for today] ***
Wednesday 30 September 2026  04:18:58 +0000 (0:00:00.031)       0:00:10.486 ***
skipping: [shanghai-1]

TASK [kubernetes_upgrade : Reuse existing etcd snapshot in Longhorn PVC for today] ***
Wednesday 30 September 2026  04:18:58 +0000 (0:00:00.026)       0:00:10.513 ***
skipping: [shanghai-1]

TASK [kubernetes_upgrade : Take etcd snapshot inside etcd pod] *****************
Wednesday 30 September 2026  04:18:58 +0000 (0:00:00.034)       0:00:10.547 ***
changed: [shanghai-1]

TASK [kubernetes_upgrade : Verify etcd snapshot integrity inside etcd pod] *****
Wednesday 30 September 2026  04:19:17 +0000 (0:00:19.571)       0:00:30.119 ***
ok: [shanghai-1]

TASK [kubernetes_upgrade : Move etcd snapshot from host-mounted etcd data directory] ***
Wednesday 30 September 2026  04:19:20 +0000 (0:00:02.634)       0:00:32.754 ***
changed: [shanghai-1]

TASK [kubernetes_upgrade : Read snapshot and PVC capacity in bytes] ************
Wednesday 30 September 2026  04:19:22 +0000 (0:00:01.998)       0:00:34.753 ***
ok: [shanghai-1]

TASK [kubernetes_upgrade : Require capacity for snapshot and safety reserve] ***
Wednesday 30 September 2026  04:19:25 +0000 (0:00:02.571)       0:00:37.324 ***
ok: [shanghai-1] => {
    "changed": false,
    "msg": "All assertions passed"
}

TASK [kubernetes_upgrade : Stream etcd snapshot into temporary file] ***********
Wednesday 30 September 2026  04:19:25 +0000 (0:00:00.045)       0:00:37.369 ***
changed: [shanghai-1]

TASK [kubernetes_upgrade : Read uploaded temporary snapshot size] **************
Wednesday 30 September 2026  04:19:33 +0000 (0:00:08.019)       0:00:45.389 ***
ok: [shanghai-1]

TASK [kubernetes_upgrade : Require complete snapshot transfer] *****************
Wednesday 30 September 2026  04:19:35 +0000 (0:00:02.379)       0:00:47.768 ***
ok: [shanghai-1] => {
    "changed": false,
    "msg": "All assertions passed"
}

TASK [kubernetes_upgrade : Publish verified snapshot atomically] ***************
Wednesday 30 September 2026  04:19:35 +0000 (0:00:00.035)       0:00:47.804 ***
changed: [shanghai-1]

TASK [kubernetes_upgrade : Verify selected etcd snapshot exists in Longhorn PVC] ***
Wednesday 30 September 2026  04:19:37 +0000 (0:00:02.461)       0:00:50.265 ***
ok: [shanghai-1]

TASK [kubernetes_upgrade : Prune old etcd snapshots from Longhorn PVC] *********
Wednesday 30 September 2026  04:19:40 +0000 (0:00:02.268)       0:00:52.533 ***
skipping: [shanghai-1]

TASK [kubernetes_upgrade : Remove temporary etcd snapshot from host-mounted etcd data directory] ***
Wednesday 30 September 2026  04:19:40 +0000 (0:00:00.039)       0:00:52.572 ***
ok: [shanghai-1]

TASK [kubernetes_upgrade : Remove temporary etcd snapshot from control plane host] ***
Wednesday 30 September 2026  04:19:42 +0000 (0:00:01.713)       0:00:54.286 ***
skipping: [shanghai-1]

PLAY [Upgrade first control plane (shanghai-1)] ********************************

PLAY [Upgrade secondary control planes] ****************************************
skipping: no hosts matched

PLAY [Upgrade worker nodes] ****************************************************
skipping: no hosts matched

PLAY [Post-upgrade control-plane health check] *********************************

PLAY [Post-upgrade worker health check] ****************************************
skipping: no hosts matched

PLAY RECAP *********************************************************************
shanghai-1                 : ok=18   changed=4    unreachable=0    failed=0    skipped=4    rescued=0    ignored=0


TASKS RECAP ********************************************************************
Wednesday 30 September 2026  04:19:42 +0000 (0:00:00.053)       0:00:54.339 ***
===============================================================================
kubernetes_upgrade : Take etcd snapshot inside etcd pod ---------------- 19.57s
kubernetes_upgrade : Stream etcd snapshot into temporary file ----------- 8.02s
Gathering Facts --------------------------------------------------------- 4.10s
kubernetes_upgrade : Verify etcd snapshot integrity inside etcd pod ----- 2.63s
kubernetes_upgrade : Read snapshot and PVC capacity in bytes ------------ 2.57s
kubernetes_upgrade : Publish verified snapshot atomically --------------- 2.46s
kubernetes_upgrade : Read uploaded temporary snapshot size -------------- 2.38s
kubernetes_upgrade : Wait for etcd snapshot store pod ------------------- 2.36s
kubernetes_upgrade : Verify selected etcd snapshot exists in Longhorn PVC --- 2.27s
kubernetes_upgrade : Get ready etcd snapshot store pod ------------------ 2.17s
kubernetes_upgrade : Move etcd snapshot from host-mounted etcd data directory --- 2.00s
kubernetes_upgrade : Create etcd snapshot directory on control plane host --- 1.76s
kubernetes_upgrade : Remove temporary etcd snapshot from host-mounted etcd data directory --- 1.71s
kubernetes_upgrade : Remove temporary etcd snapshot from control plane host --- 0.05s
kubernetes_upgrade : Require capacity for snapshot and safety reserve --- 0.05s
kubernetes_upgrade : Prune old etcd snapshots from Longhorn PVC --------- 0.04s
kubernetes_upgrade : Require complete snapshot transfer ----------------- 0.04s
kubernetes_upgrade : Reuse existing etcd snapshot in Longhorn PVC for today --- 0.03s
kubernetes_upgrade : Set etcd snapshot paths ---------------------------- 0.03s
kubernetes_upgrade : Set etcd snapshot store pod name ------------------- 0.03s
